{
  "total": 2809,
  "numeric": 2672,
  "inputs": 134,
  "unsupported": 3,
  "reasons": {
    "circular calculation": 1,
    "effect:1": 2
  },
  "unresolved": [
    {
      "file": "cd-items.json",
      "record": "Items/773085",
      "name": "ChampRange",
      "reasons": [
        "circular calculation"
      ]
    },
    {
      "file": "KSante.bin.json",
      "record": "Characters/KSante/Spells/KSanteRAbility/KSanteRMissile1/mSpell",
      "name": "TotalDamage",
      "reasons": [
        "effect:1"
      ]
    },
    {
      "file": "KSante.bin.json",
      "record": "Characters/KSante/Spells/KSanteQAbility/KSanteQ3Missile/mSpell",
      "name": "TotalDamage",
      "reasons": [
        "effect:1"
      ]
    }
  ]
}
