{
  "records": 2809,
  "scenarios": 5618,
  "numeric": 5605,
  "inactive": 7,
  "needsInputs": [],
  "sourceIssues": [
    {
      "file": "cd-items.json",
      "record": "Items/773085",
      "name": "ChampRange",
      "active": false,
      "reasons": [
        "circular calculation"
      ]
    },
    {
      "file": "cd-items.json",
      "record": "Items/773085",
      "name": "ChampRange",
      "active": true,
      "reasons": [
        "circular calculation"
      ]
    },
    {
      "file": "KSante.bin.json",
      "record": "Characters/KSante/Spells/KSanteRAbility/KSanteRMissile1/mSpell",
      "name": "TotalDamage",
      "active": false,
      "reasons": [
        "effect:1"
      ]
    },
    {
      "file": "KSante.bin.json",
      "record": "Characters/KSante/Spells/KSanteRAbility/KSanteRMissile1/mSpell",
      "name": "TotalDamage",
      "active": true,
      "reasons": [
        "effect:1"
      ]
    },
    {
      "file": "KSante.bin.json",
      "record": "Characters/KSante/Spells/KSanteQAbility/KSanteQ3Missile/mSpell",
      "name": "TotalDamage",
      "active": false,
      "reasons": [
        "effect:1"
      ]
    },
    {
      "file": "KSante.bin.json",
      "record": "Characters/KSante/Spells/KSanteQAbility/KSanteQ3Missile/mSpell",
      "name": "TotalDamage",
      "active": true,
      "reasons": [
        "effect:1"
      ]
    }
  ]
}
