✔ damage / haste-adjusted cooldown, rank changes and unlearned or zero cooldown (3.2061ms)
✔ Aatrox Q uses additive ramp, paired sweet spots and two static recast delays (1.0907ms)
✔ missing ramp or damage never becomes a numeric combined total (1.1976ms)
✔ Ziggs R orders outer damage first and centre damage in parentheses (0.1834ms)
✔ Yasuo Q variants share damage and use attack speed rather than haste (0.1835ms)
✔ cooldown that starts on first cast overlaps recast delays (0.1114ms)
✔ paired outgoing/return damage and reduced subsequent hits sum correctly (0.2451ms)
✔ generic alternatives stay separate and percentages never become flat damage (0.4586ms)
✔ unknown damage, missing cooldown, unlearned and utility spells are explicit (0.3412ms)
✔ variable recast timing remains unknown until supplied and recalculates the total (0.4448ms)
✔ damage ranges resolve to separate numbers and unrelated typed mana is excluded (0.3204ms)
✔ Yone Q uses its own formula key, not Yasuo’s (0.1336ms)
✔ Ahri Q preserves outgoing magic and return true portions in the combined total (0.5782ms)
✔ Lillia sweet spot and Yone ultimate mitigate each hybrid component independently (0.2335ms)
✔ AP scaling remains physical when that is the damage type, including penetration (0.2346ms)
✔ multi-part recasts and sweet spots receive mitigation once after composition (0.3455ms)
✔ percent target health, current health and mixed flat plus percent resolve before resistance (0.9638ms)
✔ Camille and Gwen convert only their defined damage portion to true damage (0.4156ms)
✔ a missing damage-conversion formula is explicit rather than guessed physical (0.1851ms)
✔ Yorick Maiden Magic Attack Damage resolves as an actual magic damage outcome (0.1466ms)
✔ active on-hit DPS uses attack speed and averages duration plus cooldown (0.4194ms)
✔ permanent learned on-hits use their attack cadence even with no spell cooldown (0.2076ms)
✔ attack-limited buffs finish when their empowered attacks are consumed (0.1129ms)
✔ on-hit percent-health damage is resolved and mitigated before the DPS calculation (0.2977ms)
✔ poison refreshes without multiplying a full damage-over-time application by attack speed (0.2228ms)
✔ missing on-hit timing or attack speed stays explicit, and unlearned abilities stay disabled (0.2717ms)
✔ passive card uses the same attack contribution DPS and excludes items and active abilities (0.1778ms)
✔ Shojin amplification applies once to every champion damage type, before defenses and DPS (0.2949ms)
✔ full proc damage can use a separate cooldown-limited amount in the DPS cell (0.1554ms)
✔ Veigar R uses current missing health, caps its execute scaling and mitigates once (0.2705ms)
✔ separate basic and ultimate haste use the loaded item data and individual passive switches (2.2452ms)
✔ Focused Will honors ranged scaling, stack bounds and independent activation (0.5881ms)
✔ missing optional item data does not invent haste or poison results with NaN (0.2907ms)
✔ Ezreal Q adds full typed on-hit and enabled Spellblade without basic attack or attack crits (8.3402ms)
✔ ability physical and item magic damage receive separate target mitigation once (1.072ms)
✔ outgoing amplification already present in attack packets is not applied twice (0.3885ms)
✔ short cooldown DPS respects Spellblade interval while damage shows the full ready proc (0.4455ms)
✔ Smolder primary physical and Dragon Practice magic damage combine before adding on-hit once (0.6774ms)
✔ Rageblade attack cadence is not an extra on-hit application for a spell (0.4422ms)
✔ own spell on-hit rows, attack-only damage and poison DPS are excluded (0.242ms)
✔ unknown target health on-hit remains unavailable and unrelated spells receive no proc (0.7235ms)
✔ Dusk and Dawn adds one extra on-hit application without recursively duplicating itself (0.2684ms)
✔ Alpha Strike scales repeated on-hits from source data and consumes Spellblade once (0.6746ms)
✔ spell amplification applies to champion damage and never to appended item packets (0.3694ms)
✔ character-record AD growth reaches level-scaled base AD despite the zero DD field (41.9055ms)
✔ AD growth supports named, modifiable and legacy hashed character-record fields (1.8427ms)
✔ missing AD growth preserves the patch value and legitimate zero growth remains zero (1.7104ms)
✔ growth correction preserves other patch stats and never mutates source data (1.4769ms)
✔ critical strikes use a bounded probability and full critical multiplier (0.9427ms)
✔ ordinary item on-hit damage does not inherit the basic-attack crit multiplier (3.9734ms)
✔ Rageblade boosts on-hit frequency without multiplying ordinary attack damage (0.8207ms)
✔ Yasuo and Yone double uncapped crit chance, convert excess to AD, and modify IE crits (0.3432ms)
✔ Senna applies her full critical damage modifier to Infinity Edge (0.2195ms)
✔ Jhin converts item attack speed into AD and averages a guaranteed fourth crit plus reload (0.5148ms)
✔ target-dependent on-hits remain unavailable until health is supplied; zero is valid (0.5337ms)
✔ Spellblade uses base AD and a proc interval bounded by its cooldown (0.7253ms)
✔ all Spellblade items resolve their game-authored proc formulas independently of average attack crits (1.1525ms)
✔ Spellblade accepts slower intervals and is limited by attack speed at slow attack rates (0.3928ms)
✔ Spellblade specific cooldown overrides generic cooldown and remains enforced if input is absent (0.7854ms)
✔ disabling Muramana Shock on-hit leaves unrelated damage and input item stats intact (1.0511ms)
✔ disabled Spellblade item does not suppress the next eligible item in the shared group (0.3491ms)
✔ Kog Maw toggle multiplies the percentage by target HP and is disabled at rank zero (0.2832ms)
✔ Teemo poison refreshes instead of contributing its full duration per attack (0.3429ms)
✔ combo critical outcomes are discrete without changing the build or default averages (0.4098ms)
✔ Yun Tal earned crit is added once, capped, and survives repeated calculation (4.4679ms)
✔ Yun Tal passive toggles isolate earned crit from Flurry attack speed (0.3235ms)
✔ Rageblade can disable Wrath damage separately from Seething Strike stacks and phantom hits (1.42ms)
✔ disabling Dusk Spellblade removes its repeated on-hit without removing the other item (0.3405ms)
✔ turning off an optional item passive overrides an old combat activation (0.265ms)
✔ disabled amplifiers do not require their target fields or alter champion and item damage (0.7057ms)
✔ Hullbreaker amortizes one Skipper proc per five attacks (0.4103ms)
✔ Dead Man momentum scales its proc and obeys the supplied interval (0.3364ms)
✔ Dusk and Dawn repeats Nashor on-hit once per Spellblade proc without recursion (0.4027ms)
✔ Rageblade and Dusk extra hits add and never multiply the base crit packet (0.3893ms)
✔ Magnification scales the attack packet while Giant Slayer also scales non-true on-hits (0.4565ms)
✔ Sundered Sky and Fiendhunter do not add two forced-crit physical bonuses (0.318ms)
✔ Viktor converts the full attack to magic without adding the normal physical attack twice (0.2711ms)
✔ Urgot Purge replaces crit damage and reduces on-hit damage, not proc count (0.2103ms)
✔ Camille Q2 converts its full attack and aligned Spellblade damage to true damage (1.0091ms)
✔ Caitlyn Headshot includes IE crit scaling and brush increases its frequency (0.3341ms)
✔ Yunara passive magic damage uses the probability of a full critical strike (0.1546ms)
✔ Fizz bleed refreshes instead of stacking the full bleed duration per attack (0.1039ms)
✔ Shojin amplifies champion damage but leaves the item on-hit unchanged (0.2304ms)
✔ Shojin does not amplify the subtraction of a replaced ordinary attack (0.1403ms)
✔ Zeri right-click cannot crit or apply attack on-hit items (0.1804ms)
✔ Ezreal ability-hit stacks add bonus attack speed with the champion ratio (1.7422ms)
✔ Ezreal stack counts cannot exceed the data cap or count fractional and negative stacks (0.3466ms)
✔ Aurora reports target max-health magic damage separately from per-spirit healing (2.7797ms)
✔ Aurora spirit counter caps at four and does not grant legacy passive movement speed (1.1542ms)
✔ item and rune percentage penetration combine multiplicatively even before champion data loads (2.8824ms)
✔ Darius Apprehend reads its rank percentage and combines it with item/rune penetration (1.1912ms)
✔ Pantheon Grand Starfall grants source fraction penetration only with a learned ultimate (0.221ms)
✔ Mordekaiser Deaths Grasp changes magic penetration without altering physical penetration (0.2855ms)
✔ Nilah Formless Blade uses actual crit fraction, bounded to 100%, and its authored calculation (1.2947ms)
✔ Aphelios lethality upgrades use the source buff and respect integer rank cap (0.4521ms)
✔ missing champion penetration source values do not invent bonuses (0.3485ms)
✔ attacks respect reciprocal attack speed and include the final windup (1.43ms)
✔ cooldowns overlap intervening casts, but casts cannot overlap each other (0.2042ms)
✔ recasts use lockouts, enforce their order, and restart cooldown at the last cast (3.1712ms)
✔ missing values are explicit while genuine zero damage and instant casts work (0.251ms)
✔ different variants share the same cooldown group and explicit procs count once (0.1737ms)
✔ abandoning a last-cast cooldown chain waits for the recast window to expire (0.3245ms)
✔ mixed damage retains typed contributions and scales explicit overrides (1.3783ms)
✔ windup resolves both champion data formats, modifiers, and explicit overrides (1.0348ms)
✔ target health advances per action, including threshold effects and overkill (0.3393ms)
✔ disabled targets retain static damage and missing damage leaves HP unchanged (0.2255ms)
✔ Focused Will increases ability prose with target settings on or off, including true damage (23.8052ms)
✔ Focused Will scales percent-health coefficients and their target damage exactly once (0.5947ms)
✔ typed physical damage uses armor even when its formula scales with AP (0.2724ms)
✔ the same Ahri token keeps different types in outgoing and return text (0.2088ms)
✔ physical stat buffs and amplification percentages are not damage packets (0.1314ms)
✔ healing, shields, cooldowns and scaling ratios keep their ordinary values (0.123ms)
✔ flat plus percent max HP damage mitigates both terms and retains the coefficient (0.2423ms)
✔ current and missing HP percentages use the configured target health (0.276ms)
✔ self-health percentages remain coefficients rather than target health damage (0.1151ms)
✔ standalone literal damage uses its explicit type (0.1782ms)
✔ item @tokens@ share typed mitigation while ordinary stats stay intact (0.2186ms)
✔ 100% reduction leaves true damage intact and zeroes other types (0.1241ms)
✔ negative resistances amplify only their matching typed damage (0.5952ms)
✔ disabled target mode preserves ordinary numeric descriptions (0.0993ms)
✔ literal flat damage alongside a formula is mitigated too (0.1319ms)
✔ Yorick Maiden Magic Attack Damage describes damage rather than an AD stat buff (0.1067ms)
✔ target defenses change Muramana physical damage without reducing its mana coefficient or Awe AD (13.1057ms)
✔ Muramana prose combines coefficients and values for separate Awe, attack and ability effects (1.1623ms)
✔ Lich Bane expands inherited cooldown and On-Hit prose with base-AD and AP calculations (0.9865ms)
✔ Repeated passive labels merge their prose while inline On-Hit stays inside its effect (0.1487ms)
✔ Missing game values remain explicit instead of becoming zero damage (0.1173ms)
✔ Frozen Heart negative multipliers display a positive attack-speed reduction (0.1243ms)
✔ Active-only game descriptions use their localized values and cooldown (0.1492ms)
✔ Dynamic melee/ranged item macros preserve percentage display for Blade of the Ruined King (0.4838ms)
✔ Inline references to another passive stay inside Death's Dance Defy explanation (0.1867ms)
✔ Source-authored string calculations resolve ranged/melee aliases and hashed numeric formulas (0.2617ms)
✔ Warmog vitality prose uses item health without multiplying rune or champion health (0.1617ms)
✔ structured item damage preserves single-hit and maximum alternatives without adding them (0.5771ms)
✔ untagged active damage and full duration percent-health burns reach combo data (0.6952ms)
✔ versioned picker indexes reuse disk cache without pinning latest game data (25.4975ms)
✔ concurrent item hydration shares one request and indexes only after completion (1.7252ms)
✔ a failed optional item download can retry instead of freezing picker hydration (0.9693ms)
✔ recommendations use matching game mode and omit unavailable IDs without mutating source (0.9896ms)
✔ Feast adds bonus health and capped range once, and respects unlearned R (7.7427ms)
✔ Poppy amplifies pre-W resistances and doubles only below the live health threshold (2.2722ms)
✔ Malphite shield state changes the armor multiplier without multiplying its own bonus (1.9109ms)
✔ Senna grants range and crit only at completed stack milestones (1.9982ms)
✔ localization expands nested names and all Aphelios weapon outcomes (1.9689ms)
✔ rune requests use the selected patch (2.3495ms)
✔ missing Community Dragon stats preserve Data Dragon values (1.8901ms)
✔ ability ranks reject negative, fractional and foreign entries (2.3046ms)
✔ unknown nested formula parts remain unresolved (2.4461ms)
✔ a missing multiplier cannot silently produce the base result (2.2988ms)
✔ rune artwork uses HTTPS (1.6211ms)
✔ zero resource cost is displayed as zero (1.5317ms)
✔ item formula cycles terminate without stack overflow (1.688ms)
✔ missing item haste falls back to the stat block, not passive text (1.8751ms)
✔ percent item stats are fractions and numeric catalog values take priority (2.0444ms)
✔ growth reaches 72% of a growth stat at level 2 and 17 times at level 18 (1.5686ms)
✔ attack speed bonuses add using the ratio rather than multiply level bonuses (1.6035ms)
✔ shared API deduplicates concurrent requests and retries errors (1.7156ms)
✔ version API rejects an empty list (2.1591ms)
✔ unknown stat IDs cannot silently use AP (1.5517ms)
✔ AD scaling distinguishes bonus from total and ignores misleading token names (1.4212ms)
✔ conditional formulas require a condition rather than choosing the first branch (1.7194ms)
✔ live Feast formulas include rank, AP and bonus health (0.652ms)
✔ live Seraph calculations and description use total versus bonus mana (2.0451ms)
✔ Sheen uses base AD, not total or bonus AD (0.082ms)
✔ typed omitted defaults differ from missing data and missing combat inputs (0.1154ms)
✔ products, clamping, rank overrides and scalar item effects preserve arithmetic (0.1417ms)
✔ health inputs derive current, missing and percentage values without a full-health default (0.1458ms)
✔ stack values, zero stacks and clearing a value remain distinct (0.1162ms)
✔ conditional activation distinguishes inactive effects from missing references (0.2321ms)
✔ target health thresholds use the target, not the attacking champion (0.0507ms)
✔ execution threshold and nearby-ally predicates respond to explicit context (0.1561ms)
✔ all discovered stack and elapsed controls feed the calculation interpreter (0.413ms)
✔ target scaling remains symbolic and self scaling is evaluated in a mixed formula (0.1046ms)
✔ named and hashed references to the same buff share one input (0.1633ms)
✔ builder self stats cannot be replaced by old manually entered proxies (1.6391ms)
✔ selected rune procs use level, AP and bonus AD from patch descriptions (2.5729ms)
✔ ranged and stack based procs resolve without including heals or stack grants (0.8136ms)
✔ rune damage is mitigated once, adaptive type follows stats, and health gates apply (0.5498ms)
✔ unselected and non-damage runes are excluded and missing formulas remain flagged (0.2056ms)
✔ Manaflow and Ultimate Hunter counters apply independently and respect caps (1.4897ms)
✔ Legend stacks change their matching stats and only full Bloodline adds health (0.3494ms)
✔ game time drives Gathering Storm and Conditioning at their stated milestones (0.4574ms)
✔ health, adaptive and attack-speed stack bonuses use patch descriptions (0.7061ms)
✔ inputs are bounded integers, selections are unique, and unsupported effects are explicit (0.4981ms)
✔ target normalization bounds health/reduction and preserves negative resistances (1.5371ms)
✔ physical, magic and true damage use their own defenses independently of AD/AP (0.6995ms)
✔ percentage penetration applies before flat penetration, with resistance floor zero (0.2344ms)
✔ builder penetration aliases and canonical totals produce the same result without double counting (0.1918ms)
✔ negative resistance amplifies damage and ignores penetration (0.141ms)
✔ full generic reduction removes non-true damage while target off restores raw damage (0.1482ms)
✔ explicit outgoing damage multipliers precede target defenses and are ignored when settings are off (0.2203ms)
✔ hybrid on-attack totals mitigate each packet once and retain raw proc and DPS values (4.5613ms)
✔ current-health items use the shared target and discard stale per-attack target inputs (1.0164ms)
✔ target toggles restore ordinary attack and magic on-hit values without changing crit averaging (0.3563ms)
✔ Spellblade mitigation retains the source proc and shares the same cadence for raw and target DPS (0.2865ms)
✔ Kog Maw health-scaling magic attack reads the shared target rather than an obsolete control (0.279ms)
✔ a magic replacement attack also mitigates the physical debit, so the replaced attack cancels once (0.5141ms)
✔ Camille converts the selected physical Spellblade portion before target mitigation (0.6082ms)
✔ Shadowflame derives its threshold from managed target health and respects its passive switch (0.9258ms)
✔ Kraken interpolates source missing-health amplification with no additional threshold (0.4753ms)
✔ legacy target bonus health is unavailable while the shared target is disabled (0.208ms)
ℹ tests 201
ℹ suites 0
ℹ pass 201
ℹ fail 0
ℹ cancelled 0
ℹ skipped 0
ℹ todo 0
ℹ duration_ms 231.208
